index Family                          0 entries
index Revenge                         0 entries
index FateAndProphecy: HTTP Error 404: Not Found
tropes: 3094 listed · 0 cached · fetching 3094
  50/3094
  100/3094
  150/3094
  200/3094
  250/3094
  300/3094
  350/3094
  400/3094
  450/3094
  500/3094
  550/3094
  HollywoodTourettes: HTTP Error 404: Not Found
  600/3094
  650/3094
  700/3094
  750/3094
  800/3094
  850/3094
  900/3094
  950/3094
  1000/3094
  1050/3094
  1100/3094
  1150/3094
  1200/3094
  1250/3094
  1300/3094
  1350/3094
  1400/3094
  1450/3094
  1500/3094
  1550/3094
  1600/3094
