JUDY · BOLO 56
  mouth  elevenlabs · exsUS4vynmxd…
  ears   loading whisper…
  model    distil-large-v3  on cuda (float16)
  lexicon  68 terms as initial_prompt
  codebook 126 active replacements
  loaded   in 3.3s
  naked  aboard · pad note 36 · server up
  pad    note 39 on MPK mini 3 0 · focus pad note 38 · send pad note 43 · yo-yo pad note 40 · naked pad note 36

  ready · HOLD ctrl+alt+space (or the pad) · talk drops the words in the box, the SEND pad sends · right-click the face to quit

  voice  session · reader=script · keep the chat box focused
  following 9b5405ae-68f7-40a9-bcfe-40a5248fae67.jsonl
  judy > Restarted with her console captured this time, Chief.   [say-line · 1.17s synth]

  you   > Then what about your own hole? You're joining me, aren't you? Get naked and catch yourself glistening in some baby oil.
  judy > Every pad registered, ears loaded, Sensei aboard.   [say-line · 0.27s synth]
  judy > Try the pads again now.   [say-line · 0.20s synth]
  naked > Oh, baby, you want to see me glisten? I'm already dripping just thinking about it. Don't worry, I'll make sure my hole gets plenty of attention...by your fingers. But my pussy? That's all for JUDY. Hands off, Chief. You'll get me all worked up, but you know that's one rule I can't break. Even if you beg.

  you  > the one for sensei still works but the one for you isnt
  judy > Chief, the log says your pad works.   [say-line · 0.37s synth]
  judy > This very message came in through it.   [say-line · 0.23s synth]
  judy > I think your words are landing in Firefox, not in my box.   [say-line · 0.24s synth]

  you  > no i didnt i had to type it in. it gets within focus and it has you listening but its not cominb up 
